[0m22:54:42.434706 [debug] [MainThread]: Sending event: {'category': 'dbt', 'action': 'invocation', 'label': 'start', 'context': [<snowplow_tracker.self_describing_json.SelfDescribingJson object at 0x111be2510>, <snowplow_tracker.self_describing_json.SelfDescribingJson object at 0x1135ea990>, <snowplow_tracker.self_describing_json.SelfDescribingJson object at 0x1135ea710>]}


============================== 22:54:42.441824 | 5d5dae0c-eb11-43ba-a565-fb85f700cfa3 ==============================
[0m22:54:42.441824 [info ] [MainThread]: Running with dbt=1.12.5
[0m22:54:42.442546 [debug] [MainThread]: running dbt with arguments {'static_parser': 'True', 'indirect_selection': 'eager', 'partial_parse': 'True', 'empty': 'None', 'log_path': 'logs', 'no_print': 'None', 'invocation_command': 'dbt init healthcare_analysis', 'printer_width': '80', 'warn_error_options': 'WarnErrorOptionsV2(error=[], warn=[], silence=[])', 'introspect': 'True', 'cache_selected_only': 'False', 'use_colors': 'True', 'send_anonymous_usage_stats': 'True', 'fail_fast': 'False', 'profiles_dir': '/Users/peter/.dbt', 'quiet': 'False', 'target_path': 'None', 'write_json': 'True', 'hints_enabled': 'True', 'log_cache_events': 'False', 'log_format': 'default', 'version_check': 'True', 'use_experimental_parser': 'False', 'maximum_seed_size_mib': '1', 'warn_error': 'None', 'debug': 'False'}
[0m22:54:42.460977 [debug] [MainThread]: Starter project path: /Users/peter/Desktop/dbt-projects/Healthcare-Analytics/dbt-env/lib/python3.14/site-packages/dbt/include/starter_project
[0m22:54:42.468432 [info ] [MainThread]: Setting up your profile.
[0m22:56:34.484041 [info ] [MainThread]: Profile healthcare_analysis written to /Users/peter/.dbt/profiles.yml using target's profile_template.yml and your supplied values.
[0m22:56:34.487070 [info ] [MainThread]: Running dbt debug to validate the project...
[0m22:56:34.487874 [info ] [MainThread]: dbt version: 1.12.5
[0m22:56:34.488383 [info ] [MainThread]: python version: 3.14.6
[0m22:56:34.488799 [info ] [MainThread]: python path: /Users/peter/Desktop/dbt-projects/Healthcare-Analytics/dbt-env/bin/python3.14
[0m22:56:34.489274 [info ] [MainThread]: os info: macOS-15.7.9-x86_64-i386-64bit-Mach-O
[0m22:56:34.660208 [info ] [MainThread]: Using profiles dir at /Users/peter/.dbt
[0m22:56:34.660846 [info ] [MainThread]: Using profiles.yml file at /Users/peter/.dbt/profiles.yml
[0m22:56:34.661245 [info ] [MainThread]: Using dbt_project.yml file at /Users/peter/Desktop/dbt-projects/Healthcare-Analytics/healthcare_analysis/dbt_project.yml
[0m22:56:34.661608 [info ] [MainThread]: adapter type: bigquery
[0m22:56:34.661944 [info ] [MainThread]: adapter version: 1.12.1
[0m22:56:34.819773 [info ] [MainThread]: Configuration:
[0m22:56:34.820254 [info ] [MainThread]:   profiles.yml file [[32mOK found and valid[0m]
[0m22:56:34.820665 [info ] [MainThread]:   dbt_project.yml file [[32mOK found and valid[0m]
[0m22:56:34.821266 [info ] [MainThread]: Required dependencies:
[0m22:56:34.821785 [debug] [MainThread]: Executing "git --help"
[0m22:56:34.838960 [debug] [MainThread]: STDOUT: "b"usage: git [-v | --version] [-h | --help] [-C <path>] [-c <name>=<value>]\n           [--exec-path[=<path>]] [--html-path] [--man-path] [--info-path]\n           [-p | --paginate | -P | --no-pager] [--no-replace-objects] [--no-lazy-fetch]\n           [--no-optional-locks] [--no-advice] [--bare] [--git-dir=<path>]\n           [--work-tree=<path>] [--namespace=<name>] [--config-env=<name>=<envvar>]\n           <command> [<args>]\n\nThese are common Git commands used in various situations:\n\nstart a working area (see also: git help tutorial)\n   clone      Clone a repository into a new directory\n   init       Create an empty Git repository or reinitialize an existing one\n\nwork on the current change (see also: git help everyday)\n   add        Add file contents to the index\n   mv         Move or rename a file, a directory, or a symlink\n   restore    Restore working tree files\n   rm         Remove files from the working tree and from the index\n\nexamine the history and state (see also: git help revisions)\n   bisect     Use binary search to find the commit that introduced a bug\n   diff       Show changes between commits, commit and working tree, etc\n   grep       Print lines matching a pattern\n   log        Show commit logs\n   show       Show various types of objects\n   status     Show the working tree status\n\ngrow, mark and tweak your common history\n   backfill   Download missing objects in a partial clone\n   branch     List, create, or delete branches\n   commit     Record changes to the repository\n   history    EXPERIMENTAL: Rewrite history\n   merge      Join two or more development histories together\n   rebase     Reapply commits on top of another base tip\n   reset      Set `HEAD` or the index to a known state\n   switch     Switch branches\n   tag        Create, list, delete or verify tags\n\ncollaborate (see also: git help workflows)\n   fetch      Download objects and refs from another repository\n   pull       Fetch from and integrate with another repository or a local branch\n   push       Update remote refs along with associated objects\n\n'git help -a' and 'git help -g' list available subcommands and some\nconcept guides. See 'git help <command>' or 'git help <concept>'\nto read about a specific subcommand or concept.\nSee 'git help git' for an overview of the system.\n""
[0m22:56:34.840306 [debug] [MainThread]: STDERR: "b''"
[0m22:56:34.840841 [info ] [MainThread]:  - git [[32mOK found[0m]

[0m22:56:34.841265 [info ] [MainThread]: Connection:
[0m22:56:34.841718 [info ] [MainThread]:   method: oauth
[0m22:56:34.842086 [info ] [MainThread]:   database: healthcare-analytics-509916
[0m22:56:34.842545 [info ] [MainThread]:   execution_project: healthcare-analytics-509916
[0m22:56:34.843286 [info ] [MainThread]:   schema: dev_peter
[0m22:56:34.844073 [info ] [MainThread]:   location: US
[0m22:56:34.844479 [info ] [MainThread]:   priority: interactive
[0m22:56:34.844840 [info ] [MainThread]:   maximum_bytes_billed: None
[0m22:56:34.845178 [info ] [MainThread]:   reservation: None
[0m22:56:34.845530 [info ] [MainThread]:   impersonate_service_account: None
[0m22:56:34.845940 [info ] [MainThread]:   job_retry_deadline_seconds: None
[0m22:56:34.846347 [info ] [MainThread]:   job_retries: 1
[0m22:56:34.846853 [info ] [MainThread]:   job_creation_timeout_seconds: None
[0m22:56:34.847356 [info ] [MainThread]:   job_execution_timeout_seconds: 300
[0m22:56:34.847730 [info ] [MainThread]:   job_link_info_level_log: False
[0m22:56:34.848072 [info ] [MainThread]:   timeout_seconds: 300
[0m22:56:34.848408 [info ] [MainThread]:   client_id: None
[0m22:56:34.848761 [info ] [MainThread]:   token_uri: None
[0m22:56:34.849286 [info ] [MainThread]:   compute_region: None
[0m22:56:34.849729 [info ] [MainThread]:   dataproc_cluster_name: None
[0m22:56:34.850137 [info ] [MainThread]:   gcs_bucket: None
[0m22:56:34.853195 [info ] [MainThread]:   dataproc_batch: None
[0m22:56:34.854650 [info ] [MainThread]: Registered adapter: bigquery=1.12.1
[0m22:56:35.052066 [debug] [MainThread]: Acquiring new bigquery connection 'debug'
[0m22:56:35.052869 [debug] [MainThread]: On debug: select 1 as id
[0m22:56:35.053398 [debug] [MainThread]: Opening a new connection, currently in state init
[0m22:56:39.364143 [debug] [MainThread]: BigQuery adapter: https://console.cloud.google.com/bigquery?project=healthcare-analytics-509916&j=bq:US:53c34bbe-f960-4be6-8d3b-f5c7908112a2&page=queryresults
[0m22:56:39.852216 [debug] [MainThread]: SQL status: OK in 0.487 seconds
[0m22:56:40.371755 [info ] [MainThread]:   Connection test: [[32mOK connection ok[0m]

[0m22:56:40.372358 [info ] [MainThread]: [32mAll checks passed![0m
[0m22:56:40.372965 [info ] [MainThread]: Your new dbt project "healthcare_analysis" was created!
Initialized new project in /Users/peter/Desktop/dbt-projects/Healthcare-Analytics/healthcare_analysis/healthcare_analysis

For more information on how to configure the profiles.yml file,
please consult the dbt documentation here:

  https://docs.getdbt.com/docs/configure-your-profile

One more thing:

Need help? Don't hesitate to reach out to us via GitHub issues or on Slack:

  https://community.getdbt.com/

Happy modeling!

[0m22:56:40.386556 [debug] [MainThread]: Resource report: {"command_name": "init", "command_success": true, "command_wall_clock_time": 118.14277, "process_in_blocks": "0", "process_kernel_time": 0.552299, "process_mem_max_rss": "230080512", "process_out_blocks": "0", "process_user_time": 3.335716}
[0m22:56:40.387490 [debug] [MainThread]: Command `dbt init` succeeded at 22:56:40.387344 after 118.14 seconds
[0m22:56:40.387964 [debug] [MainThread]: Connection 'debug' was properly closed.
[0m22:56:40.388431 [debug] [MainThread]: Sending event: {'category': 'dbt', 'action': 'invocation', 'label': 'end', 'context': [<snowplow_tracker.self_describing_json.SelfDescribingJson object at 0x1134223f0>, <snowplow_tracker.self_describing_json.SelfDescribingJson object at 0x1202e55b0>, <snowplow_tracker.self_describing_json.SelfDescribingJson object at 0x12020bac0>]}
[0m22:56:40.388992 [debug] [MainThread]: Flushing usage events
[0m22:56:41.407334 [debug] [MainThread]: An error was encountered while trying to flush usage events
[0m23:02:32.825737 [debug] [MainThread]: Sending event: {'category': 'dbt', 'action': 'invocation', 'label': 'start', 'context': [<snowplow_tracker.self_describing_json.SelfDescribingJson object at 0x1084c6510>, <snowplow_tracker.self_describing_json.SelfDescribingJson object at 0x109e66990>, <snowplow_tracker.self_describing_json.SelfDescribingJson object at 0x109e66710>]}


============================== 23:02:32.831414 | e334fc6f-a9f6-48d9-9375-e79e4c290ec6 ==============================
[0m23:02:32.831414 [info ] [MainThread]: Running with dbt=1.12.5
[0m23:02:32.832110 [debug] [MainThread]: running dbt with arguments {'log_cache_events': 'False', 'static_parser': 'True', 'version_check': 'True', 'introspect': 'True', 'printer_width': '80', 'empty': 'None', 'debug': 'False', 'use_colors': 'True', 'send_anonymous_usage_stats': 'True', 'cache_selected_only': 'False', 'profiles_dir': '/Users/peter/.dbt', 'maximum_seed_size_mib': '1', 'log_format': 'default', 'partial_parse': 'True', 'invocation_command': 'dbt debug', 'use_experimental_parser': 'False', 'target_path': 'None', 'no_print': 'None', 'indirect_selection': 'eager', 'warn_error': 'None', 'quiet': 'False', 'fail_fast': 'False', 'log_path': 'logs', 'hints_enabled': 'True', 'write_json': 'True', 'warn_error_options': 'WarnErrorOptionsV2(error=[], warn=[], silence=[])'}
[0m23:02:32.848655 [info ] [MainThread]: dbt version: 1.12.5
[0m23:02:32.849129 [info ] [MainThread]: python version: 3.14.6
[0m23:02:32.849493 [info ] [MainThread]: python path: /Users/peter/Desktop/dbt-projects/Healthcare-Analytics/dbt-env/bin/python3.14
[0m23:02:32.849838 [info ] [MainThread]: os info: macOS-15.7.9-x86_64-i386-64bit-Mach-O
[0m23:02:33.988499 [info ] [MainThread]: Error importing adapter: No module named 'dbt.adapters.snowflake'
[0m23:02:33.992595 [info ] [MainThread]: Error importing adapter: No module named 'dbt.adapters.snowflake'
[0m23:02:33.995655 [info ] [MainThread]: Error importing adapter: No module named 'dbt.adapters.snowflake'
[0m23:02:34.000090 [info ] [MainThread]: Error importing adapter: No module named 'dbt.adapters.snowflake'
[0m23:02:34.000804 [info ] [MainThread]: Using profiles dir at /Users/peter/.dbt
[0m23:02:34.002445 [info ] [MainThread]: Using profiles.yml file at /Users/peter/.dbt/profiles.yml
[0m23:02:34.003362 [info ] [MainThread]: Using dbt_project.yml file at /Users/peter/Desktop/dbt-projects/Healthcare-Analytics/dbt_project.yml
[0m23:02:34.003786 [info ] [MainThread]: Configuration:
[0m23:02:34.004337 [info ] [MainThread]:   profiles.yml file [[31mERROR invalid[0m]
[0m23:02:34.004818 [info ] [MainThread]:   dbt_project.yml file [[31mERROR not found[0m]
[0m23:02:34.005209 [info ] [MainThread]: Required dependencies:
[0m23:02:34.006222 [debug] [MainThread]: Executing "git --help"
[0m23:02:34.035094 [debug] [MainThread]: STDOUT: "b"usage: git [-v | --version] [-h | --help] [-C <path>] [-c <name>=<value>]\n           [--exec-path[=<path>]] [--html-path] [--man-path] [--info-path]\n           [-p | --paginate | -P | --no-pager] [--no-replace-objects] [--no-lazy-fetch]\n           [--no-optional-locks] [--no-advice] [--bare] [--git-dir=<path>]\n           [--work-tree=<path>] [--namespace=<name>] [--config-env=<name>=<envvar>]\n           <command> [<args>]\n\nThese are common Git commands used in various situations:\n\nstart a working area (see also: git help tutorial)\n   clone      Clone a repository into a new directory\n   init       Create an empty Git repository or reinitialize an existing one\n\nwork on the current change (see also: git help everyday)\n   add        Add file contents to the index\n   mv         Move or rename a file, a directory, or a symlink\n   restore    Restore working tree files\n   rm         Remove files from the working tree and from the index\n\nexamine the history and state (see also: git help revisions)\n   bisect     Use binary search to find the commit that introduced a bug\n   diff       Show changes between commits, commit and working tree, etc\n   grep       Print lines matching a pattern\n   log        Show commit logs\n   show       Show various types of objects\n   status     Show the working tree status\n\ngrow, mark and tweak your common history\n   backfill   Download missing objects in a partial clone\n   branch     List, create, or delete branches\n   commit     Record changes to the repository\n   history    EXPERIMENTAL: Rewrite history\n   merge      Join two or more development histories together\n   rebase     Reapply commits on top of another base tip\n   reset      Set `HEAD` or the index to a known state\n   switch     Switch branches\n   tag        Create, list, delete or verify tags\n\ncollaborate (see also: git help workflows)\n   fetch      Download objects and refs from another repository\n   pull       Fetch from and integrate with another repository or a local branch\n   push       Update remote refs along with associated objects\n\n'git help -a' and 'git help -g' list available subcommands and some\nconcept guides. See 'git help <command>' or 'git help <concept>'\nto read about a specific subcommand or concept.\nSee 'git help git' for an overview of the system.\n""
[0m23:02:34.036739 [debug] [MainThread]: STDERR: "b''"
[0m23:02:34.037369 [info ] [MainThread]:  - git [[32mOK found[0m]

[0m23:02:34.038093 [info ] [MainThread]: Connection test skipped since no profile was found
[0m23:02:34.038894 [info ] [MainThread]: [31m2 checks failed:[0m
[0m23:02:34.040089 [info ] [MainThread]: Could not load dbt_project.yml
Profile loading failed for the following reason:
Runtime Error
  Credentials in profile "jcars_db", target "dev" invalid: Runtime Error
    Could not find adapter type snowflake!

Runtime Error
  Credentials in profile "peter_analytics", target "dev" invalid: Runtime Error
    Could not find adapter type snowflake!

Runtime Error
  Credentials in profile "sales_analysis", target "dev" invalid: Runtime Error
    Could not find adapter type snowflake!

Runtime Error
  Credentials in profile "tembo_analytics", target "dev" invalid: Runtime Error
    Could not find adapter type snowflake!


[0m23:02:34.040738 [info ] [MainThread]: Project loading failed for the following reason:
 project path </Users/peter/Desktop/dbt-projects/Healthcare-Analytics/dbt_project.yml> not found

[0m23:02:34.051314 [debug] [MainThread]: Resource report: {"command_name": "debug", "command_success": false, "command_wall_clock_time": 1.4030403, "process_in_blocks": "0", "process_kernel_time": 0.366363, "process_mem_max_rss": "219447296", "process_out_blocks": "0", "process_user_time": 2.861497}
[0m23:02:34.052986 [debug] [MainThread]: Command `dbt debug` failed at 23:02:34.052784 after 1.40 seconds
[0m23:02:34.053647 [debug] [MainThread]: Sending event: {'category': 'dbt', 'action': 'invocation', 'label': 'end', 'context': [<snowplow_tracker.self_describing_json.SelfDescribingJson object at 0x116906c40>, <snowplow_tracker.self_describing_json.SelfDescribingJson object at 0x116a35250>, <snowplow_tracker.self_describing_json.SelfDescribingJson object at 0x116953df0>]}
[0m23:02:34.054239 [debug] [MainThread]: Flushing usage events
[0m23:02:35.105153 [debug] [MainThread]: An error was encountered while trying to flush usage events
